
Chrome 24.0.1312 / Windows 7
JSON #stringify should stringify an array
       Error: expected '[1,2,3]' to equal '[1,2,3] '
           at Assertion.assert (http://redsky.cs.cornell.edu/expect.js:99:13)
           at Assertion.be.Assertion.equal (http://redsky.cs.cornell.edu/expect.js:200:10)
           at Assertion.(anonymous function) [as be] (http://redsky.cs.cornell.edu/expect.js:73:24)
           at Context.<anonymous> (http://ghcp.localtunnel.me/cloud/json_fail.js:5:44)
           at Test.Runnable.run (http://redsky.cs.cornell.edu/eio-test.js:6965:32)
           at Runner.runTest (http://redsky.cs.cornell.edu/eio-test.js:7322:10)
           at http://redsky.cs.cornell.edu/eio-test.js:7368:12
           at next (http://redsky.cs.cornell.edu/eio-test.js:7248:14)
           at http://redsky.cs.cornell.edu/eio-test.js:7257:7
           at next (http://redsky.cs.cornell.edu/eio-test.js:7205:23

Chrome 24.0.1312 / Windows 7
JSON #stringify should stringify an object
       Error: expected '{"a":"b"}' to equal '{"a":"b "}'
           at Assertion.assert (http://redsky.cs.cornell.edu/expect.js:99:13)
           at Assertion.be.Assertion.equal (http://redsky.cs.cornell.edu/expect.js:200:10)
           at Assertion.(anonymous function) [as be] (http://redsky.cs.cornell.edu/expect.js:73:24)
           at Context.<anonymous> (http://ghcp.localtunnel.me/cloud/json_fail.js:9:42)
           at Test.Runnable.run (http://redsky.cs.cornell.edu/eio-test.js:6965:32)
           at Runner.runTest (http://redsky.cs.cornell.edu/eio-test.js:7322:10)
           at http://redsky.cs.cornell.edu/eio-test.js:7368:12
           at next (http://redsky.cs.cornell.edu/eio-test.js:7248:14)
           at http://redsky.cs.cornell.edu/eio-test.js:7257:7
           at next (http://redsky.cs.cornell.edu/eio-test.js:7205:23

Mobile Safari 0.0.0 / iOS 5.0
JSON #stringify should stringify an array
       undefine

Mobile Safari 0.0.0 / iOS 5.0
JSON #stringify should stringify an object
       undefine

Safari 5.1.7 / Mac OS X 10.6.8
JSON #stringify should stringify an array
       undefine
